<?xml version="1.0" encoding="utf-8"?><testsuites><testsuite errors="0" failures="0" hostname="DESKTOP-4GHVTQR" name="pytest" skipped="1" tests="3" time="0.465" timestamp="2022-03-13T14:03:39.023245"><testcase classname="simple_webserver.tests.test_flask_web.TestFlaskWebServer" name="test_hello" time="0.001" /><testcase classname="simple_webserver.tests.test_flask_web.TestFlaskWebServer" name="test_skipped" time="0.001"><skipped message="demonstrating skipping" type="pytest.skip">C:\Users\User\PycharmProjects\JetkinsCourse\simple_webserver\tests\test_flask_web.py:8: demonstrating skipping</skipped></testcase><testcase classname="simple_webserver.tests.test_flask_web.TestFlaskWebServer" name="test_upper" time="0.001" /></testsuite></testsuites>